/app/node_modules/@expo/cli/build/src/utils/errors.js:123
    throw error;
    ^

Error: Cannot find module 'metro/src/lib/TerminalReporter'
Require stack:
- /app/node_modules/@expo/cli/build/src/start/server/metro/TerminalReporter.js
- /app/node_modules/@expo/cli/build/src/start/server/metro/MetroTerminalReporter.js
- /app/node_modules/@expo/cli/build/src/start/server/metro/instantiateMetro.js
- /app/node_modules/@expo/cli/build/src/start/server/metro/MetroBundlerDevServer.js
- /app/node_modules/@expo/cli/build/src/export/exportApp.js
- /app/node_modules/@expo/cli/build/src/export/exportAsync.js
- /app/node_modules/@expo/cli/build/src/export/index.js
- /app/node_modules/@expo/cli/build/bin/cli
- /app/node_modules/expo/bin/cli
    at Function._resolveFilename (node:internal/modules/cjs/loader:1383:15)
    at defaultResolveImpl (node:internal/modules/cjs/loader:1025:19)
    at resolveForCJSWithHooks (node:internal/modules/cjs/loader:1030:22)
    at Function._load (node:internal/modules/cjs/loader:1192:37)
    at TracingChannel.traceSync (node:diagnostics_channel:328:14)
    at wrapModuleLoad (node:internal/modules/cjs/loader:237:24)
    at Module.require (node:internal/modules/cjs/loader:1463:12)
    at require (node:internal/modules/helpers:147:16)
    at UpstreamTerminalReporter (/app/node_modules/@expo/cli/build/src/start/server/metro/TerminalReporter.js:26:55)
    at Object.<anonymous> (/app/node_modules/@expo/cli/src/start/server/metro/TerminalReporter.ts:45:27) {
  code: 'MODULE_NOT_FOUND',
  requireStack: [
    '/app/node_modules/@expo/cli/build/src/start/server/metro/TerminalReporter.js',
    '/app/node_modules/@expo/cli/build/src/start/server/metro/MetroTerminalReporter.js',
    '/app/node_modules/@expo/cli/build/src/start/server/metro/instantiateMetro.js',
    '/app/node_modules/@expo/cli/build/src/start/server/metro/MetroBundlerDevServer.js',
    '/app/node_modules/@expo/cli/build/src/export/exportApp.js',
    '/app/node_modules/@expo/cli/build/src/export/exportAsync.js',
    '/app/node_modules/@expo/cli/build/src/export/index.js',
    '/app/node_modules/@expo/cli/build/bin/cli',
    '/app/node_modules/expo/bin/cli'
  ]
}

Node.js v22.22.1
